// Jest Snapshot v1, https://goo.gl/fbAQLP

exports[`DeclarationSeenComponent should create view only with populated data 1`] = `
<test-vtm-declaration-seen
  adrDetails={[Function Object]}
  edit="false"
>
  <vtm-declaration-seen
    ng-reflect-adr-details="[object Object]"
    ng-reflect-edit="false"
  >
    
    
    <h2
      class="govuk-heading-m"
    >
      Declarations seen
    </h2>
    <dl
      class="govuk-summary-list"
    >
      <div
        class="govuk-summary-list__row"
      >
        <dt
          class="govuk-summary-list__key"
        >
          Manufacturer brake declaration
        </dt>
        <dd
          class="govuk-summary-list__value"
          id="test-brakeDeclarationsSeen"
        >
           No 
        </dd>
        <dd
          class="govuk-summary-list__value"
        />
      </div>
      <div
        class="govuk-summary-list__row"
      >
        <dt
          class="govuk-summary-list__key"
        >
          Issuer
        </dt>
        <dd
          class="govuk-summary-list__value"
          id="test-brakeDeclarationIssuer"
        >
           - 
        </dd>
        <dd
          class="govuk-summary-list__value"
        />
      </div>
      <div
        class="govuk-summary-list__row"
      >
        <dt
          class="govuk-summary-list__key"
        >
          Brake endurance
        </dt>
        <dd
          class="govuk-summary-list__value"
          id="test-brakeEndurance"
        >
           No 
        </dd>
        <dd
          class="govuk-summary-list__value"
        />
      </div>
      <div
        class="govuk-summary-list__row"
      >
        <dt
          class="govuk-summary-list__key"
        >
          Brake endurance weight (kg)
        </dt>
        <dd
          class="govuk-summary-list__value"
          id="test-weight"
        >
          
          
          <span>
            500000
          </span>
        </dd>
        <dd
          class="govuk-summary-list__value"
        />
      </div>
      <div
        class="govuk-summary-list__row"
      >
        <dt
          class="govuk-summary-list__key"
        >
          Owner/operator declaration
        </dt>
        <dd
          class="govuk-summary-list__value"
          id="test-declarationsSeen"
        >
           No 
        </dd>
        <dd
          class="govuk-summary-list__value"
        />
      </div>
    </dl>
    
  </vtm-declaration-seen>
</test-vtm-declaration-seen>
`;

exports[`DeclarationSeenComponent should render the editable component if edit is true 1`] = `
<test-vtm-declaration-seen
  adrDetails={[Function Object]}
  edit={[Function Boolean]}
>
  <vtm-declaration-seen
    ng-reflect-adr-details="[object Object]"
    ng-reflect-edit="true"
  >
    
    
    
    <vtm-declaration-seen-edit
      ng-reflect-adr-details="[object Object]"
    >
      <div>
        adrDetails: {
    "vehicleDetails": {
      "approvalDate": "2020-03-10",
      "type": "centre axle battery"
    },
    "listStatementApplicable": false,
    "batteryListNumber": "",
    "declarationsSeen": false,
    "brakeDeclarationsSeen": false,
    "brakeDeclarationIssuer": "",
    "brakeEndurance": false,
    "weight": "500",
    "compatibilityGroupJ": false,
    "documents": [],
    "permittedDangerousGoods": [
      "AT"
    ],
    "additionalExaminerNotes": "",
    "applicantDetails": {
      "name": "Ben",
      "street": "Robert green",
      "city": "Birmingham",
      "town": "lala land",
      "postcode": "NG4 12Z"
    },
    "memosApply": [],
    "additionalNotes": {
      "number": [],
      "guidanceNotes": []
    },
    "adrTypeApprovalNo": ""
  }
      </div>
    </vtm-declaration-seen-edit>
  </vtm-declaration-seen>
</test-vtm-declaration-seen>
`;
