// Jest Snapshot v1, https://goo.gl/fbAQLP

exports[`ApplicantComponent should create view only with populated data 1`] = `
<test-vtm-applicant
  activeRecord={[Function Object]}
>
  <vtm-applicant
    ng-reflect-tech-record="[object Object]"
  >
    
    
    <dl
      class="govuk-summary-list"
    >
      <div
        class="govuk-summary-list__row"
      >
        <dt
          class="govuk-summary-list__key"
        >
          Name
        </dt>
        <dd
          class="govuk-summary-list__value"
          id="test-applicantDetails-name"
        >
           Ben 
        </dd>
        <dd
          class="govuk-summary-list__value"
        />
      </div>
      <div
        class="govuk-summary-list__row"
      >
        <dt
          class="govuk-summary-list__key"
        >
          Building and street
        </dt>
        <dd
          class="govuk-summary-list__value"
          id="test-applicantDetails-address"
        >
           Garrets green Birmingham 
        </dd>
        <dd
          class="govuk-summary-list__value"
        />
      </div>
      <div
        class="govuk-summary-list__row"
      >
        <dt
          class="govuk-summary-list__key"
        >
          Town or city
        </dt>
        <dd
          class="govuk-summary-list__value"
          id="test-applicantDetails-postTown"
        >
           A town 
        </dd>
        <dd
          class="govuk-summary-list__value"
        />
      </div>
      <div
        class="govuk-summary-list__row"
      >
        <dt
          class="govuk-summary-list__key"
        >
          County
        </dt>
        <dd
          class="govuk-summary-list__value"
          id="test-applicantDetails-address3"
        >
           lala land 
        </dd>
        <dd
          class="govuk-summary-list__value"
        />
      </div>
      <div
        class="govuk-summary-list__row"
      >
        <dt
          class="govuk-summary-list__key"
        >
          Postcode
        </dt>
        <dd
          class="govuk-summary-list__value"
          id="test-applicantDetails-postCode"
        >
           NG4 12Z 
        </dd>
        <dd
          class="govuk-summary-list__value"
        />
      </div>
      <div
        class="govuk-summary-list__row"
      >
        <dt
          class="govuk-summary-list__key"
        >
          Telephone number
        </dt>
        <dd
          class="govuk-summary-list__value"
          id="test-applicantDetails-telephoneNumber"
        >
           123123123 
        </dd>
        <dd
          class="govuk-summary-list__value"
        />
      </div>
      <div
        class="govuk-summary-list__row"
      >
        <dt
          class="govuk-summary-list__key"
        >
          Email address
        </dt>
        <dd
          class="govuk-summary-list__value"
          id="test-applicantDetails-emailAddress"
        >
           test@test.com 
        </dd>
        <dd
          class="govuk-summary-list__value"
        />
      </div>
    </dl>
    
  </vtm-applicant>
</test-vtm-applicant>
`;

exports[`ApplicantComponent should render the edit components when editState is true 1`] = `
<test-vtm-applicant
  activeRecord={[Function Object]}
  editState={[Function Boolean]}
>
  <vtm-applicant
    ng-reflect-edit-state="true"
    ng-reflect-tech-record="[object Object]"
  >
    
    
    
    <dl
      class="govuk-summary-list"
    >
      <div
        class="govuk-summary-list__row"
      >
        <dt
          class="govuk-summary-list__key"
        >
          <vtm-applicant-edit
            ng-reflect-applicant="[object Object]"
          >
            <div>
              Applicant details is: {
    "name": "Ben",
    "address1": "Garrets green",
    "address2": "Birmingham",
    "address3": "lala land",
    "postCode": "NG4 12Z",
    "postTown": "A town",
    "telephoneNumber": "123123123",
    "emailAddress": "test@test.com"
  }
            </div>
          </vtm-applicant-edit>
        </dt>
      </div>
    </dl>
  </vtm-applicant>
</test-vtm-applicant>
`;
