// Jest Snapshot v1, https://goo.gl/fbAQLP

exports[`MultipleRecordsComponent should create 1`] = `
<vtm-multiple-records
  setVehicleTechRecord={[Function EventEmitter]}
  vehicleTechRecords={[Function Array]}
>
  <div
    class="govuk-width-container"
  >
    <a
      class="govuk-back-link"
      vtmbackbutton=""
    >
      Back
    </a>
    <main
      class="govuk-main-wrapper"
    >
      <div
        class="govuk-grid-row govuk-!-margin-bottom-3"
      >
        <div
          class="govuk-grid-column-full"
        >
          <h1
            class="govuk-heading-xl govuk-!-margin-bottom-5"
          >
             Select a technical record 
          </h1>
          <p
            class="govuk-body govuk-!-font-size-19"
          >
             Multiple technical records found matching this search 
          </p>
        </div>
      </div>
      
      
      
      
    </main>
  </div>
</vtm-multiple-records>
`;
