// Jest Snapshot v1, https://goo.gl/fbAQLP

exports[`TechnicalRecordSearchComponent should create 1`] = `
<vtm-technical-record-search
  router={[Function Router]}
  searchError$={[Function Store]}
  searchIdentifier={[Function String]}
  store={[Function Store]}
>
  <div
    class="govuk-width-container"
  >
    <main
      class="govuk-main-wrapper"
    >
      <div
        class="govuk-grid-row"
      >
        <div
          class="govuk-grid-column-two-thirds"
        >
          <h1
            class="govuk-heading-xl"
          >
            Search for a technical record
          </h1>
          <div
            class="govuk-form-group"
            ng-reflect-ng-class="[object Object]"
          >
            <label
              class="govuk-label"
              for="searchIdentifier"
            >
               Vehicle registration mark, trailer ID or vehicle identification number 
            </label>
            
            <input
              aria-describedby="name-error"
              class="govuk-input"
              id="searchIdentifier"
              name="searchIdentifier"
              ng-reflect-ng-class="[object Object]"
              type="text"
            />
          </div>
          <a
            class="govuk-button govuk-button--start mt-1"
            data-module="govuk-button"
            draggable="false"
            role="button"
          >
             Search 
            <svg
              class="govuk-button__start-icon"
              focusable="false"
              height="19"
              role="presentation"
              viewBox="0 0 33 40"
              width="17.5"
              xmlns="http://www.w3.org/2000/svg"
            >
              <path
                d="M0 0h13l20 20-20 20H0l20-20z"
                fill="currentColor"
              />
            </svg>
          </a>
        </div>
      </div>
    </main>
  </div>
</vtm-technical-record-search>
`;
