// Jest Snapshot v1, https://goo.gl/fbAQLP

exports[`TestRecordContainer should create 1`] = `
<vtm-test-record-container
  editState$={[Function AnonymousSubject]}
  preparers$={[Function AnonymousSubject]}
  route={[Function Object]}
  store={[Function MockStore]}
  testRecord$={[Function BehaviorSubject]}
  testRecordMapper={[Function TestRecordMapper]}
  testStations$={[Function AnonymousSubject]}
  testTypeNumber={[Function String]}
  testTypesApplicable={[Function Object]}
>
  
</vtm-test-record-container>
`;
