// Jest Snapshot v1, https://goo.gl/fbAQLP

exports[`TestRecordComponent should create 1`] = `
<vtm-test-record
  defectsApplicable={[Function Array]}
  emissionDetailsApplicable={[Function Array]}
  hasDefectsApplicable="undefined"
  hasEmissionApplicable="false"
  hasSeatBeltApplicable="false"
  seatBeltApplicable={[Function Array]}
  testRecord={[Function Object]}
  testType={[Function Object]}
  testTypeNumber={[Function String]}
>
  <div
    class="govuk-width-container"
  >
    <a
      class="govuk-back-link"
      vtmbackbutton=""
    >
      Back
    </a>
    <main
      class="govuk-main-wrapper"
    >
      <div
        class="govuk-grid-row"
      >
        <div
          class="govuk-grid-column-full"
        >
          <h1
            class="govuk-heading-xl"
          >
            Test record
          </h1>
        </div>
      </div>
      <div
        class="govuk-grid-row"
      >
        <div
          class="govuk-grid-column-one-quarter"
        >
          <button
            class="govuk-button govuk-button--secondary"
            data-module="govuk-button"
          >
             Change test record 
          </button>
        </div>
        <div
          class="govuk-grid-column-one-quarter"
        >
          <button
            class="govuk-button govuk-button--secondary"
            data-module="govuk-button"
          >
             View certificate 
          </button>
        </div>
      </div>
      <div
        class="govuk-grid-row"
      >
        <div
          class="govuk-grid-column-full"
        >
          <vtm-accordion>
            <vtm-accordion-item
              title="Vehicle"
            >
              <vtm-vehicle />
            </vtm-accordion-item>
            <vtm-accordion-item
              title="Test"
            >
              <vtm-test-section />
            </vtm-accordion-item>
            <span>
              <vtm-accordion-item
                title="Defects"
              >
                <vtm-defects />
              </vtm-accordion-item>
            </span>
            <span>
              <vtm-accordion-item
                title="Seatbelt installation check"
              >
                <vtm-seatbelt-installation-check />
              </vtm-accordion-item>
            </span>
            <span>
              <vtm-accordion-item
                title="Emission details"
              >
                <vtm-emission-details />
              </vtm-accordion-item>
            </span>
            <vtm-accordion-item
              title="Visit"
            >
              <vtm-visit />
            </vtm-accordion-item>
            <vtm-accordion-item
              title="Notes"
            >
              <vtm-notes />
            </vtm-accordion-item>
            <vtm-accordion-item
              title="Test record history"
            >
              <vtm-test-history />
            </vtm-accordion-item>
          </vtm-accordion>
        </div>
      </div>
      <div
        class="govuk-grid-row"
      >
        <div
          class="govuk-grid-column-one-quarter"
        >
          <button
            class="govuk-button govuk-button--secondary"
            data-module="govuk-button"
          >
             Change test record 
          </button>
        </div>
      </div>
    </main>
  </div>
</vtm-test-record>
`;
