// Jest Snapshot v1, https://goo.gl/fbAQLP

exports[`DdaComponent should create view only with populated data 1`] = `
<vtm-dda
  ddaDetails={[Function Object]}
>
  <dl
    class="govuk-summary-list"
  >
    <div
      class="govuk-summary-list__row"
    >
      <dt
        class="govuk-summary-list__key"
      >
        DDA certificate issued (Yes/No)
      </dt>
      <dd
        class="govuk-summary-list__value"
        id="test-certificateIssued"
      >
         Yes 
      </dd>
      <dd
        class="govuk-summary-list__value"
      />
    </div>
    <div
      class="govuk-summary-list__row"
    >
      <dt
        class="govuk-summary-list__key"
      >
        Wheelchair capacity
      </dt>
      <dd
        class="govuk-summary-list__value"
        id="test-wheelchairCapacity"
      >
         23 
      </dd>
      <dd
        class="govuk-summary-list__value"
      />
    </div>
    <div
      class="govuk-summary-list__row"
    >
      <dt
        class="govuk-summary-list__key"
      >
        Wheelchair fittings
      </dt>
      <dd
        class="govuk-summary-list__value"
        id="test-wheelchairFittings"
      >
         - 
      </dd>
      <dd
        class="govuk-summary-list__value"
      />
    </div>
    <div
      class="govuk-summary-list__row"
    >
      <dt
        class="govuk-summary-list__key"
      >
        Wheelchair lift present
      </dt>
      <dd
        class="govuk-summary-list__value"
        id="test-wheelchairLiftPresent"
      >
         - 
      </dd>
      <dd
        class="govuk-summary-list__value"
      />
    </div>
    <div
      class="govuk-summary-list__row"
    >
      <dt
        class="govuk-summary-list__key"
      >
        Wheelchair lift information
      </dt>
      <dd
        class="govuk-summary-list__value"
        id="test-wheelchairLiftInformation"
      >
         - 
      </dd>
      <dd
        class="govuk-summary-list__value"
      />
    </div>
    <div
      class="govuk-summary-list__row"
    >
      <dt
        class="govuk-summary-list__key"
      >
        Wheelchair ramp present
      </dt>
      <dd
        class="govuk-summary-list__value"
        id="test-wheelchairRampInformation"
      >
         - 
      </dd>
      <dd
        class="govuk-summary-list__value"
      />
    </div>
    <div
      class="govuk-summary-list__row"
    >
      <dt
        class="govuk-summary-list__key"
      >
        Wheelchair ramp information
      </dt>
      <dd
        class="govuk-summary-list__value"
        id="test-wheelchairRampInformation"
      >
         - 
      </dd>
      <dd
        class="govuk-summary-list__value"
      />
    </div>
    <div
      class="govuk-summary-list__row"
    >
      <dt
        class="govuk-summary-list__key"
      >
        Minimum emergency exits needed
      </dt>
      <dd
        class="govuk-summary-list__value"
        id="test-minEmergencyExits"
      >
         - 
      </dd>
      <dd
        class="govuk-summary-list__value"
      />
    </div>
    <div
      class="govuk-summary-list__row"
    >
      <dt
        class="govuk-summary-list__key"
      >
        Outswing
      </dt>
      <dd
        class="govuk-summary-list__value"
        id="test-outswing"
      >
         - 
      </dd>
      <dd
        class="govuk-summary-list__value"
      />
    </div>
    <div
      class="govuk-summary-list__row"
    >
      <dt
        class="govuk-summary-list__key"
      >
        DDA schedules
      </dt>
      <dd
        class="govuk-summary-list__value"
        id="test-ddaSchedules"
      >
         - 
      </dd>
      <dd
        class="govuk-summary-list__value"
      />
    </div>
    <div
      class="govuk-summary-list__row"
    >
      <dt
        class="govuk-summary-list__key"
      >
        Seatbelts fitted
      </dt>
      <dd
        class="govuk-summary-list__value"
        id="test-seatbeltsFitted"
      >
         - 
      </dd>
      <dd
        class="govuk-summary-list__value"
      />
    </div>
    <div
      class="govuk-summary-list__row"
    >
      <dt
        class="govuk-summary-list__key"
      >
        DDA notes
      </dt>
      <dd
        class="govuk-summary-list__value"
        id="test-ddaNotes"
      >
         all 
      </dd>
      <dd
        class="govuk-summary-list__value"
      />
    </div>
  </dl>
</vtm-dda>
`;
