// Jest Snapshot v1, https://goo.gl/fbAQLP

exports[`ManufacturerComponent should create view only with populated data 1`] = `
<test-vtm-manufacturer
  activeRecord={[Function Object]}
>
  <vtm-manufacturer
    ng-reflect-tech-record="[object Object]"
  >
    
    <dl
      class="govuk-summary-list"
    >
      <div
        class="govuk-summary-list__row"
      >
        <dt
          class="govuk-summary-list__key"
        >
          Name
        </dt>
        <dd
          class="govuk-summary-list__value"
          id="test-manufacturer-name"
        >
           Ben 
        </dd>
        <dd
          class="govuk-summary-list__value"
        />
      </div>
      <div
        class="govuk-summary-list__row"
      >
        <dt
          class="govuk-summary-list__key"
        >
          Building and street
        </dt>
        <dd
          class="govuk-summary-list__value"
          id="test-manufacturer-address"
        >
           Garrets green Birmingham 
        </dd>
        <dd
          class="govuk-summary-list__value"
        />
      </div>
      <div
        class="govuk-summary-list__row"
      >
        <dt
          class="govuk-summary-list__key"
        >
          Town or city
        </dt>
        <dd
          class="govuk-summary-list__value"
          id="test-manufacturer-postTown"
        >
           A town 
        </dd>
        <dd
          class="govuk-summary-list__value"
        />
      </div>
      <div
        class="govuk-summary-list__row"
      >
        <dt
          class="govuk-summary-list__key"
        >
          County
        </dt>
        <dd
          class="govuk-summary-list__value"
          id="test-manufacturer-address3"
        >
           lala land 
        </dd>
        <dd
          class="govuk-summary-list__value"
        />
      </div>
      <div
        class="govuk-summary-list__row"
      >
        <dt
          class="govuk-summary-list__key"
        >
          Postcode
        </dt>
        <dd
          class="govuk-summary-list__value"
          id="test-manufacturer-postCode"
        >
           NG4 12Z 
        </dd>
        <dd
          class="govuk-summary-list__value"
        />
      </div>
      <div
        class="govuk-summary-list__row"
      >
        <dt
          class="govuk-summary-list__key"
        >
          Telephone number
        </dt>
        <dd
          class="govuk-summary-list__value"
          id="test-manufacturer-telephoneNumber"
        >
           123123123 
        </dd>
        <dd
          class="govuk-summary-list__value"
        />
      </div>
      <div
        class="govuk-summary-list__row"
      >
        <dt
          class="govuk-summary-list__key"
        >
          Email address
        </dt>
        <dd
          class="govuk-summary-list__value"
          id="test-manufacturer-emailAddress"
        >
           test@test.com 
        </dd>
        <dd
          class="govuk-summary-list__value"
        />
      </div>
      <div
        class="govuk-summary-list__row"
      >
        <dt
          class="govuk-summary-list__key"
        >
          Fax Number
        </dt>
        <dd
          class="govuk-summary-list__value"
          id="test-manufacturer-faxNumber"
        >
           1231234 
        </dd>
        <dd
          class="govuk-summary-list__value"
        />
      </div>
      <div
        class="govuk-summary-list__row"
      >
        <dt
          class="govuk-summary-list__key"
        >
          Manufacturer Notes
        </dt>
        <dd
          class="govuk-summary-list__value"
          id="test-manufacturer-manufacturerNotes"
        >
           some notes 
        </dd>
        <dd
          class="govuk-summary-list__value"
        />
      </div>
    </dl>
  </vtm-manufacturer>
</test-vtm-manufacturer>
`;
