// Jest Snapshot v1, https://goo.gl/fbAQLP

exports[`TankDetailsComponent should create view only with populated data 1`] = `
<vtm-tank-details
  edit="false"
  tank={[Function Object]}
>
  <h2
    class="govuk-heading-m"
  >
    Tank details
  </h2><dl
    class="govuk-summary-list"
  >
    <div
      class="govuk-summary-list__row"
    >
      <dt
        class="govuk-summary-list__key"
      >
        Make
      </dt>
      <dd
        class="govuk-summary-list__value"
        id="test-ADR-tankManufacturer"
      >
        
        <span>
           Marc 
        </span>
      </dd>
      <dd
        class="govuk-summary-list__value"
      />
    </div>
    <div
      class="govuk-summary-list__row"
    >
      <dt
        class="govuk-summary-list__key"
      >
        Year of manufacture
      </dt>
      <dd
        class="govuk-summary-list__value"
        id="test-ADR-yearOfManufacture"
      >
        
        <span>
           1998 
        </span>
      </dd>
      <dd
        class="govuk-summary-list__value"
      />
    </div>
    <div
      class="govuk-summary-list__row"
    >
      <dt
        class="govuk-summary-list__key"
      >
        Manufacturer serial number
      </dt>
      <dd
        class="govuk-summary-list__value"
        id="test-ADR-tankManufacturerSerialNo"
      >
        
        <span>
           - 
        </span>
      </dd>
      <dd
        class="govuk-summary-list__value"
      />
    </div>
    <div
      class="govuk-summary-list__row"
    >
      <dt
        class="govuk-summary-list__key"
      >
        Tank type approval number
      </dt>
      <dd
        class="govuk-summary-list__value"
        id="test-ADR-tankTypeAppNo"
      >
        
        <span>
           - 
        </span>
      </dd>
      <dd
        class="govuk-summary-list__value"
      />
    </div>
    <div
      class="govuk-summary-list__row"
    >
      <dt
        class="govuk-summary-list__key"
      >
        Code
      </dt>
      <dd
        class="govuk-summary-list__value"
        id="test-ADR-tankCode"
      >
        
        <span>
           code 
        </span>
      </dd>
      <dd
        class="govuk-summary-list__value"
      />
    </div>
    <div
      class="govuk-summary-list__row"
    >
      <dt
        class="govuk-summary-list__key"
      >
        Substances permitted
      </dt>
      <dd
        class="govuk-summary-list__value"
        id="test-ADR-substancesPermitted"
      >
        
        <span>
           - 
        </span>
      </dd>
      <dd
        class="govuk-summary-list__value"
      />
    </div>
    <div
      class="govuk-summary-list__row"
    >
      <dt
        class="govuk-summary-list__key"
      >
        Statement reference number
      </dt>
      <dd
        class="govuk-summary-list__value"
        id="test-ADR-statement"
      >
        
        <span>
           - 
        </span>
      </dd>
      <dd
        class="govuk-summary-list__value"
      />
    </div>
    <div
      class="govuk-summary-list__row"
    >
      <dt
        class="govuk-summary-list__key"
      >
        Product list reference number
      </dt>
      <dd
        class="govuk-summary-list__value"
        id="test-ADR-productListRefNo"
      >
        
        <span>
           - 
        </span>
      </dd>
      <dd
        class="govuk-summary-list__value"
      />
    </div>
    <div
      class="govuk-summary-list__row"
    >
      <dt
        class="govuk-summary-list__key"
      >
        UN number
      </dt>
      <dd
        class="govuk-summary-list__value"
        id="test-ADR-productListUnNo"
      >
        
        <span>
          -
        </span>
      </dd>
      <dd
        class="govuk-summary-list__value"
      />
    </div>
    <div
      class="govuk-summary-list__row"
    >
      <dt
        class="govuk-summary-list__key"
      >
        Additional product list details
      </dt>
      <dd
        class="govuk-summary-list__value"
        id="test-ADR-productList"
      >
        
        <span>
           - 
        </span>
      </dd>
      <dd
        class="govuk-summary-list__value"
      />
    </div>
    <div
      class="govuk-summary-list__row"
    >
      <dt
        class="govuk-summary-list__key"
      >
        Special provisions
      </dt>
      <dd
        class="govuk-summary-list__value"
        id="test-ADR-specialProvisions"
      >
        
        <span>
           - 
        </span>
      </dd>
      <dd
        class="govuk-summary-list__value"
      />
    </div>
  </dl>
</vtm-tank-details>
`;

exports[`TankDetailsComponent should render the editable component if edit is true 1`] = `
<vtm-tank-details
  edit={[Function Boolean]}
  tank={[Function Object]}
>
  <vtm-tank-details-edit
    ng-reflect-tank="[object Object]"
  >
    <div>
      {
    "tankDetails": {
      "yearOfManufacture": 1998,
      "specialProvisions": "",
      "tankManufacturerSerialNo": "",
      "tankCode": "code",
      "tankTypeAppNo": "",
      "tankManufacturer": "Marc",
      "tc2Details": {},
      "tc3Details": []
    },
    "tankStatement": {
      "statement": null,
      "productListRefNo": null,
      "substancesPermitted": "",
      "productListUnNo": [],
      "productList": ""
    }
  }
    </div>
  </vtm-tank-details-edit>
</vtm-tank-details>
`;
