// Jest Snapshot v1, https://goo.gl/fbAQLP

exports[`FORM_UTILS should add controls to the form group 1`] = `
FormGroup {
  "_onCollectionChange": [Function],
  "_onDisabledChange": Array [],
  "asyncValidator": null,
  "controls": Object {
    "test": FormControl {
      "_onChange": Array [],
      "_onCollectionChange": [Function],
      "_onDisabledChange": Array [],
      "_parent": [Circular],
      "_pendingValue": "test",
      "asyncValidator": null,
      "errors": null,
      "pristine": true,
      "status": "VALID",
      "statusChanges": EventEmitter {
        "__isAsync": false,
        "_isScalar": false,
        "closed": false,
        "hasError": false,
        "isStopped": false,
        "observers": Array [],
        "thrownError": null,
      },
      "touched": false,
      "validator": null,
      "value": "test",
      "valueChanges": EventEmitter {
        "__isAsync": false,
        "_isScalar": false,
        "closed": false,
        "hasError": false,
        "isStopped": false,
        "observers": Array [],
        "thrownError": null,
      },
    },
    "testArrayOfControls": FormArray {
      "_onCollectionChange": [Function],
      "_onDisabledChange": Array [],
      "_parent": [Circular],
      "asyncValidator": null,
      "controls": Array [
        FormControl {
          "_onChange": Array [],
          "_onCollectionChange": [Function],
          "_onDisabledChange": Array [],
          "_parent": [Circular],
          "_pendingValue": "ctrl1",
          "asyncValidator": null,
          "errors": null,
          "pristine": true,
          "status": "VALID",
          "statusChanges": EventEmitter {
            "__isAsync": false,
            "_isScalar": false,
            "closed": false,
            "hasError": false,
            "isStopped": false,
            "observers": Array [],
            "thrownError": null,
          },
          "touched": false,
          "validator": null,
          "value": "ctrl1",
          "valueChanges": EventEmitter {
            "__isAsync": false,
            "_isScalar": false,
            "closed": false,
            "hasError": false,
            "isStopped": false,
            "observers": Array [],
            "thrownError": null,
          },
        },
      ],
      "errors": null,
      "pristine": true,
      "status": "VALID",
      "statusChanges": EventEmitter {
        "__isAsync": false,
        "_isScalar": false,
        "closed": false,
        "hasError": false,
        "isStopped": false,
        "observers": Array [],
        "thrownError": null,
      },
      "touched": false,
      "validator": null,
      "value": Array [
        "ctrl1",
      ],
      "valueChanges": EventEmitter {
        "__isAsync": false,
        "_isScalar": false,
        "closed": false,
        "hasError": false,
        "isStopped": false,
        "observers": Array [],
        "thrownError": null,
      },
    },
  },
  "errors": null,
  "pristine": true,
  "status": "VALID",
  "statusChanges": EventEmitter {
    "__isAsync": false,
    "_isScalar": false,
    "closed": false,
    "hasError": false,
    "isStopped": false,
    "observers": Array [],
    "thrownError": null,
  },
  "touched": false,
  "validator": null,
  "value": Object {
    "test": "test",
    "testArrayOfControls": Array [
      "ctrl1",
    ],
  },
  "valueChanges": EventEmitter {
    "__isAsync": false,
    "_isScalar": false,
    "closed": false,
    "hasError": false,
    "isStopped": false,
    "observers": Array [],
    "thrownError": null,
  },
}
`;
