// Jest Snapshot v1, https://goo.gl/fbAQLP

exports[`PsvVehicleSummaryComponent should create view only with populated data 1`] = `
<vtm-vehicle-summary-psv
  activeRecord={[Function Object]}
>
  <dl
    class="govuk-summary-list"
  >
    <div
      class="govuk-summary-list__row"
    >
      <dt
        class="govuk-summary-list__key"
      >
         Speed limiter exempt 
      </dt>
      <dd
        class="govuk-summary-list__value"
        id="test-speedLimiterMrk"
      >
         Yes 
      </dd>
      <dd
        class="govuk-summary-list__value"
      />
    </div>
    <div
      class="govuk-summary-list__row"
    >
      <dt
        class="govuk-summary-list__key"
      >
         Tacho exempt 
      </dt>
      <dd
        class="govuk-summary-list__value"
        id="test-tachoExemptMrk"
      >
         Yes 
      </dd>
      <dd
        class="govuk-summary-list__value"
      />
    </div>
    <div
      class="govuk-summary-list__row"
    >
      <dt
        class="govuk-summary-list__key"
      >
         Euro standard 
      </dt>
      <dd
        class="govuk-summary-list__value"
        id="test-euroStandard"
      >
         6 
      </dd>
      <dd
        class="govuk-summary-list__value"
      />
    </div>
    <div
      class="govuk-summary-list__row"
    >
      <dt
        class="govuk-summary-list__key"
      >
         Fuel/propulsion system 
      </dt>
      <dd
        class="govuk-summary-list__value"
        id="test-fuelpropulsionsystem"
      >
         gas 
      </dd>
      <dd
        class="govuk-summary-list__value"
      />
    </div>
    <div
      class="govuk-summary-list__row"
    >
      <dt
        class="govuk-summary-list__key"
      >
         Number of wheels driven 
      </dt>
      <dd
        class="govuk-summary-list__value"
        id="test-numberOfWheelsDriven"
      >
         4 
      </dd>
      <dd
        class="govuk-summary-list__value"
      />
    </div>
    <div
      class="govuk-summary-list__row"
    >
      <dt
        class="govuk-summary-list__key"
      >
         Emission limit 
      </dt>
      <dd
        class="govuk-summary-list__value"
        id="test-emissionsLimit"
      >
         23 
      </dd>
      <dd
        class="govuk-summary-list__value"
      />
    </div>
    <div
      class="govuk-summary-list__row"
    >
      <dt
        class="govuk-summary-list__key"
      >
         Seats lower deck 
      </dt>
      <dd
        class="govuk-summary-list__value"
        id="test-seatsLowerDeck"
      >
         - 
      </dd>
      <dd
        class="govuk-summary-list__value"
      />
    </div>
    <div
      class="govuk-summary-list__row"
    >
      <dt
        class="govuk-summary-list__key"
      >
         Seats upper deck 
      </dt>
      <dd
        class="govuk-summary-list__value"
        id="test-seatsUpperDeck"
      >
         - 
      </dd>
      <dd
        class="govuk-summary-list__value"
      />
    </div>
    <div
      class="govuk-summary-list__row"
    >
      <dt
        class="govuk-summary-list__key"
      >
         Standing capacity 
      </dt>
      <dd
        class="govuk-summary-list__value"
        id="test-standingCapacity"
      >
         - 
      </dd>
      <dd
        class="govuk-summary-list__value"
      />
    </div>
    <div
      class="govuk-summary-list__row"
    >
      <dt
        class="govuk-summary-list__key"
      >
         Vehicle size 
      </dt>
      <dd
        class="govuk-summary-list__value"
        id="test-vehicleSize"
      >
         - 
      </dd>
      <dd
        class="govuk-summary-list__value"
      />
    </div>
    <div
      class="govuk-summary-list__row"
    >
      <dt
        class="govuk-summary-list__key"
      >
         Number of seat belts 
      </dt>
      <dd
        class="govuk-summary-list__value"
        id="test-numberOfSeatbelts"
      >
         - 
      </dd>
      <dd
        class="govuk-summary-list__value"
      />
    </div>
    <div
      class="govuk-summary-list__row"
    >
      <dt
        class="govuk-summary-list__key"
      >
        <p
          class="white-space--normal"
        >
          Seatbelt installation approval date / type approved
        </p>
      </dt>
      <dd
        class="govuk-summary-list__value"
        id="test-seatbeltInstallationApprovalDate"
      >
        
        <span>
          -
        </span>
      </dd>
      <dd
        class="govuk-summary-list__value"
      />
    </div>
    <dl
      class="govuk-summary-list"
    />
  </dl>
</vtm-vehicle-summary-psv>
`;
