// Jest Snapshot v1, https://goo.gl/fbAQLP

exports[`AdditionalAdrDetailsComponent should create view only with populated data 1`] = `
<vtm-additional-adr-details
  adrDetails={[Function Object]}
  edit="false"
>
  <h2
    class="govuk-heading-m"
  >
    Additional ADR details
  </h2><dl
    class="govuk-summary-list"
  >
    <div
      class="govuk-summary-list__row"
    >
      <dt
        class="govuk-summary-list__key"
      >
        Examiner notes
      </dt>
      <dd
        class="govuk-summary-list__value"
      >
        <span
          id="test-additionalExaminerNotes"
        >
           examination note 
        </span>
      </dd>
    </div>
    <div
      class="govuk-summary-list__row"
    >
      <dt
        class="govuk-summary-list__key"
      >
        ADR certificate notes
      </dt>
      <dd
        class="govuk-summary-list__value"
      >
        <span
          id="test-adrCertificateNotes"
        >
            certificate note  
        </span>
      </dd>
    </div>
  </dl>
</vtm-additional-adr-details>
`;

exports[`AdditionalAdrDetailsComponent should render the editable component if edit is true 1`] = `
<vtm-additional-adr-details
  adrDetails={[Function Object]}
  edit={[Function Boolean]}
>
  <vtm-additional-adr-detail-edit
    ng-reflect-adr-details="[object Object]"
  >
    <div>
      {
    "additionalExaminerNotes": "some notes!!!",
    "adrCertificateNotes": "some certificate notes!"
  }
    </div>
  </vtm-additional-adr-detail-edit>
</vtm-additional-adr-details>
`;
