// Jest Snapshot v1, https://goo.gl/fbAQLP

exports[`TestSectionEditComponent should create 1`] = `
<vtm-test-section-edit
  dialog={[Function MatDialog]}
  isAbandoned="false"
  prohibitionOptions={[Function Object]}
  reasonsForAbandoning={[Function Array]}
  reasonsForAbandoningOptions={[Function Array]}
  resultOptions={[Function Array]}
  router={[Function Router]}
  selectedOptions={[Function Array]}
  testRecord={[Function Object]}
  testRecordMapper={[Function TestRecordMapper]}
  testResult={[Function EventEmitter]}
  testResultChildForm={[Function FormGroupDirective]}
  testResultSubscription={[Function Subscriber]}
  testType={[Function Object]}
  testTypeGroup={[Function FormGroup]}
  testTypesApplicable={[Function Object]}
>
  <dl
    class="govuk-summary-list"
  >
    <div
      class="govuk-summary-list__row"
    >
      <dt
        class="govuk-summary-list__key"
      >
         Test type 
      </dt>
      <dd
        class="govuk-summary-list__value"
        id="test-testTypeName"
      >
         First Test 
      </dd>
      <dd
        class="govuk-summary-list__actions"
      >
        <a
          class="govuk-link govuk-!-font-size-19"
          href="javascript:void(0)"
        >
          <span>
            Change
          </span>
        </a>
      </dd>
    </div>
    <div
      class="govuk-summary-list__row"
    >
      <dt
        class="govuk-summary-list__key"
      >
         Test code 
      </dt>
      <dd
        class="govuk-summary-list__value"
        id="test-testCode"
      >
         - 
      </dd>
      <dd
        class="govuk-summary-list__value"
      />
    </div>
  </dl><form
    class="ng-untouched ng-pristine ng-invalid"
    formgroupname="testType"
    ng-reflect-name="testType"
    novalidate=""
  >
    <div
      class="govuk-grid-row govuk-!-margin-bottom-3"
    >
      <div
        class="govuk-grid-column-full"
      >
        <label
          class="govuk-label govuk-!-font-weight-bold"
        >
           Result 
        </label>
        <div
          class="govuk-radios"
        >
          
          <div
            class="govuk-radios__item"
          >
            <input
              class="govuk-radios__input ng-untouched ng-pristine ng-valid"
              formcontrolname="testResult"
              id="test-testResult-Fail"
              ng-reflect-form-control-name="testResult"
              ng-reflect-name="testResult"
              ng-reflect-value="fail"
              type="radio"
            />
            <label
              class="govuk-label govuk-radios__label"
            >
               Fail 
            </label>
          </div>
          <div
            class="govuk-radios__item"
          >
            <input
              class="govuk-radios__input ng-untouched ng-pristine ng-valid"
              formcontrolname="testResult"
              id="test-testResult-Pass"
              ng-reflect-form-control-name="testResult"
              ng-reflect-name="testResult"
              ng-reflect-value="pass"
              type="radio"
            />
            <label
              class="govuk-label govuk-radios__label"
            >
               Pass 
            </label>
          </div>
          <div
            class="govuk-radios__item"
          >
            <input
              class="govuk-radios__input ng-untouched ng-pristine ng-valid"
              formcontrolname="testResult"
              id="test-testResult-PRS"
              ng-reflect-form-control-name="testResult"
              ng-reflect-name="testResult"
              ng-reflect-value="prs"
              type="radio"
            />
            <label
              class="govuk-label govuk-radios__label"
            >
               PRS 
            </label>
          </div>
          <div
            class="govuk-radios__item"
          >
            <input
              class="govuk-radios__input ng-untouched ng-pristine ng-valid"
              formcontrolname="testResult"
              id="test-testResult-Abandoned"
              ng-reflect-form-control-name="testResult"
              ng-reflect-name="testResult"
              ng-reflect-value="abandoned"
              type="radio"
            />
            <label
              class="govuk-label govuk-radios__label"
            >
               Abandoned 
            </label>
          </div>
        </div>
      </div>
    </div>
    
    
    <dl
      class="govuk-summary-list"
    >
      <div
        class="govuk-summary-list__row"
      >
        <dt
          class="govuk-summary-list__key"
        >
           Test number 
        </dt>
        <dd
          class="govuk-summary-list__value"
          id="test-testNumber"
        >
           123123 
        </dd>
        <dd
          class="govuk-summary-list__value"
        />
      </div>
    </dl>
    
    
    <dl
      class="govuk-summary-list"
    >
      <div
        class="govuk-summary-list__row"
      >
        <dt
          class="govuk-summary-list__key"
        >
           Test date 
        </dt>
        <dd
          class="govuk-summary-list__value"
          id="test-testTypeEndDate"
        >
          
          <span>
             16/01/2020 
          </span>
        </dd>
        <dd
          class="govuk-summary-list__value"
        />
      </div>
    </dl>
    <div
      class="govuk-grid-row govuk-!-margin-bottom-3"
    >
      <div
        class="govuk-grid-column-three-quarters"
      >
        <label
          class="govuk-label govuk-!-font-weight-bold"
        >
           Start time 
        </label>
        <vtm-time-input
          ariadescribedby="testTypeStartTimestamp"
          class="ng-untouched ng-pristine ng-valid"
          formcontrolname="testTypeStartTimestamp"
          id="test-testTypeStartTime"
          ng-reflect-name="testTypeStartTimestamp"
          ngdefaultcontrol=""
        />
      </div>
    </div>
    <div
      class="govuk-grid-row govuk-!-margin-bottom-3"
    >
      <div
        class="govuk-grid-column-three-quarters"
      >
        <label
          class="govuk-label govuk-!-font-weight-bold"
        >
           End time 
        </label>
        <vtm-time-input
          ariadescribedby="testTypeEndTimestampTime"
          class="ng-untouched ng-pristine ng-valid"
          formcontrolname="testTypeEndTimestampTime"
          id="test-testTypeEndTime"
          ng-reflect-name="testTypeEndTimestampTime"
          ngdefaultcontrol=""
        />
      </div>
    </div>
    
  </form>
</vtm-test-section-edit>
`;
