// Jest Snapshot v1, https://goo.gl/fbAQLP

exports[`MemoComponent should create view only with populated data 1`] = `
<test-vtm-memo
  adrDetails={[Function Object]}
  edit="false"
>
  <vtm-memo
    ng-reflect-adr-details="[object Object]"
    ng-reflect-edit="false"
  >
    
    
    <h2
      class="govuk-heading-m"
    >
      Memo 07/09 (3 month extension)
    </h2>
    <dl
      class="govuk-summary-list"
    >
      <div
        class="govuk-summary-list__row"
      >
        <dt
          class="govuk-summary-list__key"
        >
          Applied
        </dt>
        <dd
          class="govuk-summary-list__value"
          id="test-memosApply"
        >
          
          <div>
             Yes 
          </div>
        </dd>
        <dd
          class="govuk-summary-list__value"
        />
      </div>
    </dl>
    
    
  </vtm-memo>
</test-vtm-memo>
`;

exports[`MemoComponent should render the editable component if edit is true 1`] = `
<test-vtm-memo
  adrDetails={[Function Object]}
  edit={[Function Boolean]}
>
  <vtm-memo
    ng-reflect-adr-details="[object Object]"
    ng-reflect-edit="true"
  >
    
    
    
    
    <vtm-memo-edit
      ng-reflect-has-memos-applied="true"
      ng-reflect-vehicle-type="centre axle battery"
    >
      <div>
        Value of Memos Applied is true
      </div>
      <div>
        Selected vehicle: centre axle battery
      </div>
    </vtm-memo-edit>
  </vtm-memo>
</test-vtm-memo>
`;
