// Jest Snapshot v1, https://goo.gl/fbAQLP

exports[`TankInspectionsEditComponent handleFormChanges should hide section when tankInspectionValidationState$ value is HIDDEN 1`] = `
<vtm-tank-inspections-edit
  adrForm={[Function FormGroup]}
  detectChange={[Function ViewRef_]}
  fb={[Function FormBuilder]}
  inspectionTypeOptions={[Function Array]}
  onDestroy$={[Function Subject]}
  parent={[Function FormGroupDirective]}
  showTankInspections="false"
  tankDetailsData={[Function Object]}
  tankInspectionValidationState$={[Function Observable]}
  validationMapper={[Function ValidationMapper]}
>
  
</vtm-tank-inspections-edit>
`;

exports[`TankInspectionsEditComponent should create with initialized form controls 1`] = `
<vtm-tank-inspections-edit
  adrForm={[Function FormGroup]}
  detectChange={[Function ViewRef_]}
  fb={[Function FormBuilder]}
  inspectionTypeOptions={[Function Array]}
  onDestroy$={[Function Subject]}
  parent={[Function FormGroupDirective]}
  showTankInspections={[Function Boolean]}
  tankDetailsData={[Function Object]}
  tankInspectionValidationState$={[Function Observable]}
  validationMapper={[Function ValidationMapper]}
>
  <div
    class="govuk-grid-row"
  >
    <div
      class="govuk-grid-column-full"
    >
      <div
        class="govuk-form-group"
      >
        <fieldset
          class="govuk-fieldset"
        >
          <form
            class="ng-untouched ng-pristine ng-valid"
            ng-reflect-form="[object Object]"
            novalidate=""
          >
            <h2
              class="govuk-heading-m govuk-!-margin-bottom-2"
            >
              Tank inspections
            </h2>
            <div
              class="ng-untouched ng-pristine ng-valid"
              ng-reflect-form="[object Object]"
            >
              <h4
                class="govuk-heading-s"
              >
                Initial
              </h4>
              <div
                class="govuk-inset-text govuk-!-margin-top-0 ng-untouched ng-pristine ng-valid"
                ng-reflect-form="[object Object]"
              >
                
                
                <div
                  class="govuk-form-group govuk-!-margin-left-3"
                >
                  <label
                    class="govuk-label govuk-!-font-weight-bold"
                    for="tc2IntermediateApprovalNo"
                  >
                     Certificate number (optional) 
                  </label>
                  <input
                    class="govuk-input govuk-input--width-10 ng-untouched ng-pristine ng-valid"
                    id="tc2IntermediateApprovalNo"
                    name="tc2IntermediateApprovalNo"
                    ng-reflect-name="tc2IntermediateApprovalNo"
                    type="text"
                  />
                </div>
                <div
                  class="govuk-form-group govuk-!-margin-left-3"
                >
                  <fieldset
                    aria-describedby="approval-date"
                    class="govuk-fieldset"
                    role="group"
                  >
                    <label
                      class="govuk-label govuk-!-font-weight-bold"
                      for="tc2IntermediateExpiryDate"
                    >
                       Expiry date (optional) 
                    </label>
                    <vtm-date-input
                      ariadescribedby="tcDetail.expiryDate"
                      class="ng-untouched ng-pristine ng-valid"
                      ng-reflect-id="tc2IntermediateExpiryDate"
                      ng-reflect-name="tc2IntermediateExpiryDate"
                    >
                      
                      <div
                        class="govuk-date-input"
                      >
                        <div
                          class="govuk-date-input__item"
                        >
                          <div
                            class="govuk-form-group"
                          >
                            <label
                              class="govuk-label govuk-date-input__label"
                              for="tc2IntermediateExpiryDate-1-day"
                            >
                               Day 
                            </label>
                            <input
                              autocomplete="off"
                              class="govuk-input govuk-date-input__input govuk-input--width-2 ng-untouched ng-pristine ng-valid"
                              formcontrolname="day"
                              id="tc2IntermediateExpiryDate-1-day"
                              maxlength="2"
                              name="dateDay"
                              ng-reflect-maxlength="2"
                              ng-reflect-name="day"
                              ng-reflect-pattern="[0-9]*"
                              pattern="[0-9]*"
                              type="number"
                            />
                          </div>
                        </div>
                        <div
                          class="govuk-date-input__item"
                        >
                          <div
                            class="govuk-form-group"
                          >
                            <label
                              class="govuk-label govuk-date-input__label"
                              for="tc2IntermediateExpiryDate-1-month"
                            >
                               Month 
                            </label>
                            <input
                              autocomplete="off"
                              class="govuk-input govuk-date-input__input govuk-input--width-2 ng-untouched ng-pristine ng-valid"
                              formcontrolname="month"
                              id="tc2IntermediateExpiryDate-1-month"
                              maxlength="2"
                              name="dateMonth"
                              ng-reflect-maxlength="2"
                              ng-reflect-name="month"
                              ng-reflect-pattern="[0-9]*"
                              pattern="[0-9]*"
                              type="number"
                            />
                          </div>
                        </div>
                        <div
                          class="govuk-date-input__item"
                        >
                          <div
                            class="govuk-form-group"
                          >
                            <label
                              class="govuk-label govuk-date-input__label"
                              for="tc2IntermediateExpiryDate-1-year"
                            >
                               Year 
                            </label>
                            <input
                              autocomplete="off"
                              class="govuk-input govuk-date-input__input govuk-input--width-4 ng-untouched ng-pristine ng-valid"
                              formcontrolname="year"
                              id="tc2IntermediateExpiryDate-1-year"
                              maxlength="4"
                              minlength="4"
                              name="dateYear"
                              ng-reflect-maxlength="4"
                              ng-reflect-minlength="4"
                              ng-reflect-name="year"
                              ng-reflect-pattern="[0-9]*"
                              pattern="[0-9]*"
                              type="number"
                            />
                          </div>
                        </div>
                      </div>
                    </vtm-date-input>
                  </fieldset>
                </div>
              </div>
              <div
                class="ng-untouched ng-pristine ng-valid"
                formarrayname="tc3Details"
                ng-reflect-name="tc3Details"
              >
                
                
                <div
                  class="govuk-grid-row"
                >
                  <div
                    class="govuk-grid-column-three-quarters"
                  >
                    <h4
                      class="govuk-heading-s"
                    >
                      Subsequent
                    </h4>
                  </div>
                  <div
                    class="govuk-grid-column-one-quarter"
                  >
                    <span
                      class="govuk-!-padding-left-9 govuk-!-margin-left-9"
                    >
                      <a
                        class="govuk-link govuk-link--no-visited-state "
                        href="javascript:void(0)"
                        id="test-removeTc3-0"
                      >
                         Remove 
                      </a>
                    </span>
                  </div>
                </div>
                <div
                  class="govuk-inset-text govuk-!-margin-top-0 ng-untouched ng-pristine ng-valid"
                  ng-reflect-form="[object Object]"
                >
                  <div
                    class="govuk-form-group govuk-!-margin-left-3"
                  >
                    <label
                      class="govuk-label govuk-!-font-weight-bold"
                      for="tc3Type-0"
                    >
                       Inspection type (optional) 
                    </label>
                    <select
                      class="govuk-select govuk-!-width-one-half ng-untouched ng-pristine ng-valid"
                      id="tc3Type-0"
                      ng-reflect-form="[object Object]"
                    >
                      
                      <option
                        ng-reflect-ng-value="intermediate"
                        value="0: intermediate"
                      >
                         Intermediate 
                      </option>
                      <option
                        ng-reflect-ng-value="periodic"
                        value="1: periodic"
                      >
                         Periodic 
                      </option>
                      <option
                        ng-reflect-ng-value="exceptional"
                        value="2: exceptional"
                      >
                         Exceptional 
                      </option>
                    </select>
                  </div>
                  
                  
                  <div
                    class="govuk-form-group govuk-!-margin-left-3"
                  >
                    <label
                      class="govuk-label govuk-!-font-weight-bold"
                      for="tc3PeriodicNumber-01"
                    >
                       Certificate number (optional) 
                    </label>
                    <input
                      class="govuk-input govuk-input--width-10 ng-untouched ng-pristine ng-valid"
                      id="tc3PeriodicNumber-01"
                      name="tc3PeriodicNumber-01"
                      ng-reflect-name="tc3PeriodicNumber"
                      type="text"
                    />
                  </div>
                  <div
                    class="govuk-form-group govuk-!-margin-left-3"
                  >
                    <fieldset
                      aria-describedby="approval-date"
                      class="govuk-fieldset"
                      role="group"
                    >
                      <label
                        class="govuk-label govuk-!-font-weight-bold"
                        for="tc3PeriodicExpiryDate-01"
                      >
                         Expiry date (optional) 
                      </label>
                      <vtm-date-input
                        ariadescribedby="tcDetail.expiryDate"
                        class="ng-untouched ng-pristine ng-valid"
                        ng-reflect-id="tc3PeriodicExpiryDate-01"
                        ng-reflect-name="tc3PeriodicExpiryDate"
                      >
                        
                        <div
                          class="govuk-date-input"
                        >
                          <div
                            class="govuk-date-input__item"
                          >
                            <div
                              class="govuk-form-group"
                            >
                              <label
                                class="govuk-label govuk-date-input__label"
                                for="tc3PeriodicExpiryDate-01-2-day"
                              >
                                 Day 
                              </label>
                              <input
                                autocomplete="off"
                                class="govuk-input govuk-date-input__input govuk-input--width-2 ng-untouched ng-pristine ng-valid"
                                formcontrolname="day"
                                id="tc3PeriodicExpiryDate-01-2-day"
                                maxlength="2"
                                name="dateDay"
                                ng-reflect-maxlength="2"
                                ng-reflect-name="day"
                                ng-reflect-pattern="[0-9]*"
                                pattern="[0-9]*"
                                type="number"
                              />
                            </div>
                          </div>
                          <div
                            class="govuk-date-input__item"
                          >
                            <div
                              class="govuk-form-group"
                            >
                              <label
                                class="govuk-label govuk-date-input__label"
                                for="tc3PeriodicExpiryDate-01-2-month"
                              >
                                 Month 
                              </label>
                              <input
                                autocomplete="off"
                                class="govuk-input govuk-date-input__input govuk-input--width-2 ng-untouched ng-pristine ng-valid"
                                formcontrolname="month"
                                id="tc3PeriodicExpiryDate-01-2-month"
                                maxlength="2"
                                name="dateMonth"
                                ng-reflect-maxlength="2"
                                ng-reflect-name="month"
                                ng-reflect-pattern="[0-9]*"
                                pattern="[0-9]*"
                                type="number"
                              />
                            </div>
                          </div>
                          <div
                            class="govuk-date-input__item"
                          >
                            <div
                              class="govuk-form-group"
                            >
                              <label
                                class="govuk-label govuk-date-input__label"
                                for="tc3PeriodicExpiryDate-01-2-year"
                              >
                                 Year 
                              </label>
                              <input
                                autocomplete="off"
                                class="govuk-input govuk-date-input__input govuk-input--width-4 ng-untouched ng-pristine ng-valid"
                                formcontrolname="year"
                                id="tc3PeriodicExpiryDate-01-2-year"
                                maxlength="4"
                                minlength="4"
                                name="dateYear"
                                ng-reflect-maxlength="4"
                                ng-reflect-minlength="4"
                                ng-reflect-name="year"
                                ng-reflect-pattern="[0-9]*"
                                pattern="[0-9]*"
                                type="number"
                              />
                            </div>
                          </div>
                        </div>
                      </vtm-date-input>
                    </fieldset>
                  </div>
                </div>
              </div>
              <div
                class="govuk-label govuk-!-margin-top-0 govuk-!-margin-bottom-5"
              >
                <a
                  class="govuk-link govuk-link--no-visited-state"
                  href="javascript:void(0)"
                  id="test-addTc3Details"
                >
                   Add a subsequent inspection 
                </a>
              </div>
            </div>
            
          </form>
        </fieldset>
      </div>
    </div>
  </div>
</vtm-tank-inspections-edit>
`;
