// Jest Snapshot v1, https://goo.gl/fbAQLP

exports[`PsvBrakesComponent should create view only with populated data 1`] = `
<vtm-brakes-psv
  brakes={[Function Object]}
>
  <dl
    class="govuk-summary-list"
  >
    <div
      class="govuk-summary-list__row"
    >
      <dt
        class="govuk-summary-list__key"
      >
        Brake code
      </dt>
      <dd
        class="govuk-summary-list__value"
        id="test-brakeCode"
      >
         145202 
      </dd>
      <dd
        class="govuk-summary-list__value"
      />
    </div>
    <div
      class="govuk-summary-list__row"
    >
      <dt
        class="govuk-summary-list__key"
      >
        Service brake information
      </dt>
      <dd
        class="govuk-summary-list__value"
        id="test-dataTrBrakeOne"
      >
         - 
      </dd>
      <dd
        class="govuk-summary-list__value"
      />
    </div>
    <div
      class="govuk-summary-list__row"
    >
      <dt
        class="govuk-summary-list__key"
      >
        Secondary brake information
      </dt>
      <dd
        class="govuk-summary-list__value"
        id="test-dataTrBrakeTwo"
      >
         - 
      </dd>
      <dd
        class="govuk-summary-list__value"
      />
    </div>
    <div
      class="govuk-summary-list__row"
    >
      <dt
        class="govuk-summary-list__key"
      >
        Parking brake information
      </dt>
      <dd
        class="govuk-summary-list__value"
        id="test-dataTrBrakeThree"
      >
         None 
      </dd>
      <dd
        class="govuk-summary-list__value"
      />
    </div>
    <div
      class="govuk-summary-list__row"
    >
      <dt
        class="govuk-summary-list__key"
      >
        Retarder brake one
      </dt>
      <dd
        class="govuk-summary-list__value"
        id="test-retarderBrakeOne"
      >
         - 
      </dd>
      <dd
        class="govuk-summary-list__value"
      />
    </div>
    <div
      class="govuk-summary-list__row"
    >
      <dt
        class="govuk-summary-list__key"
      >
        Retarder brake two
      </dt>
      <dd
        class="govuk-summary-list__value"
        id="test-retarderBrakeTwo"
      >
         - 
      </dd>
      <dd
        class="govuk-summary-list__value"
      />
    </div>
    <br />
    <h2
      class="govuk-heading-m"
    >
      Brake force wheels not locked
    </h2>
    <div
      class="govuk-summary-list__row"
    >
      <dt
        class="govuk-summary-list__key"
      >
        Service
      </dt>
      <dd
        class="govuk-summary-list__value"
        id="test-serviceBrakeForceA"
      >
         6531 
      </dd>
      <dd
        class="govuk-summary-list__value"
      />
    </div>
    <div
      class="govuk-summary-list__row"
    >
      <dt
        class="govuk-summary-list__key"
      >
        Secondary
      </dt>
      <dd
        class="govuk-summary-list__value"
        id="test-secondaryBrakeForceA"
      >
         3265 
      </dd>
      <dd
        class="govuk-summary-list__value"
      />
    </div>
    <div
      class="govuk-summary-list__row"
    >
      <dt
        class="govuk-summary-list__key"
      >
        Parking
      </dt>
      <dd
        class="govuk-summary-list__value"
        id="test-parkingBrakeForceA"
      >
         2322 
      </dd>
      <dd
        class="govuk-summary-list__value"
      />
    </div>
    <br />
    <h2
      class="govuk-heading-m"
    >
      Brake force wheels up to half locked
    </h2>
    <div
      class="govuk-summary-list__row"
    >
      <dt
        class="govuk-summary-list__key"
      >
        Service
      </dt>
      <dd
        class="govuk-summary-list__value"
        id="test-serviceBrakeForceB"
      >
         5510 
      </dd>
      <dd
        class="govuk-summary-list__value"
      />
    </div>
    <div
      class="govuk-summary-list__row"
    >
      <dt
        class="govuk-summary-list__key"
      >
        Secondary
      </dt>
      <dd
        class="govuk-summary-list__value"
        id="test-secondaryBrakeForceB"
      >
         2755 
      </dd>
      <dd
        class="govuk-summary-list__value"
      />
    </div>
    <div
      class="govuk-summary-list__row"
    >
      <dt
        class="govuk-summary-list__key"
      >
        Parking
      </dt>
      <dd
        class="govuk-summary-list__value"
        id="test-parkingBrakeForceB"
      >
         1763 
      </dd>
      <dd
        class="govuk-summary-list__value"
      />
    </div>
  </dl>
</vtm-brakes-psv>
`;
